// Jest Snapshot v1, https://goo.gl/fbAQLP

exports[`Link renders 1`] = `
<styled.button>
  Hello
</styled.button>
`;
